

[0;1;33m  User not found
  [36mÄ[0;36mÄ[1;34mÄ[0;34mÄÄÄÄÄÄÄÄÄÄÄÄÄÄÄÄÄÄÄÄÄÄÄÄÄÄÄÄÄÄÄÄÄÄÄÄÄÄÄÄÄÄÄÄÄÄÄÄÄÄÄÄÄÄÄÄÄÄÄÄÄÄÄÄÄÄÄÄÄÄ[1mÄ[0;36mÄ[1mÄ

  [0;36mThis is a closed system. Only predefined users are allowed.
  Please press no, if you entered your name incorrectly.

  [1mÄ[0;36mÄ[1;34mÄ[0;34mÄÄÄÄÄÄÄÄÄÄÄÄÄÄÄÄÄÄÄÄÄÄÄÄÄÄÄÄÄÄÄÄÄÄÄÄÄÄÄÄÄÄÄÄÄÄÄÄÄÄÄÄÄÄÄÄÄÄÄÄÄÄÄÄÄÄÄÄÄÄ[1mÄ[0;36mÄ[1mÄ
[0m
