[?7h[255D[40m

[0;1m[23C[33mYour subscription has expired
  [36mÄ[0;36mÄ[1;34mÄ[0;34mÄÄÄÄÄÄÄÄÄÄÄÄÄÄÄÄÄÄÄÄÄÄÄÄÄÄÄÄÄÄÄÄÄÄÄÄÄÄÄÄÄÄÄÄÄÄÄÄÄÄÄÄÄÄÄÄÄÄÄÄÄÄÄÄÄÄÄÄÄÄ[1mÄ[0;36mÄ[1mÄ

[11C[0;36mThank you for using our system over a period of time.
[12CPlease contact your sysop for further information.

  [1mÄ[0;36mÄ[1;34mÄ[0;34mÄÄÄÄÄÄÄÄÄÄÄÄÄÄÄÄÄÄÄÄÄÄÄÄÄÄÄÄÄÄÄÄÄÄÄÄÄÄÄÄÄÄÄÄÄÄÄÄÄÄÄÄÄÄÄÄÄÄÄÄÄÄÄÄÄÄÄÄÄÄ[1mÄ[0;36mÄ[1mÄ
[0m
