[?7h[40m[2J[0;34mÚÄÄÄÄÄÄÄÄÄÄÄÄÄÄÄÄÄÄÄÄÄÄÄÄÄÄÄÄ¿
³ [1;36mDemonstration of sub-menus [0;34m³
³ [1;36mfor the public menu system [0;34m³
ÃÄÄÄÄÄÄÄÄÄÄÄÄÄÄÄÄÄÄÄÄÄÄÄÄÄÄÄÄ´
³   [36m1    [37mTerminate support   [34m³
³   [36m2    [37mVideo drivers[7C[34m³
³   [36m3    [37mPrinter drivers[5C[34m³
³   [36m4    [37mHardware support    [34m³
³   [36m5    [37mSoftware support    [34m³
ÀÄÄÄÄÄÄÄÄÄÄÄÄÄÄÄÄÄÄÄÄÄÄÄÄÄÄÄÄÙ[0m
